python : ...............
At line:1 char:1
+ python -m unittest test_game.py > test_log.txt 2>&1
+ ~~~~~~~~~~~~~~~~~~~~~~~~~~~~~~~~~~~~~~~~~~~~~~~~~~~
    + CategoryInfo          : NotSpecified: (...............:String) [], RemoteException
    + FullyQualifiedErrorId : NativeCommandError
 
----------------------------------------------------------------------
Ran 15 tests in 0.000s

OK
Tu ai ales: foarfeca, Calculatorul a ales: hartie
Castigator: utilizator

Tu ai ales: hartie, Calculatorul a ales: hartie
Castigator: egal

Tu ai ales: piatra, Calculatorul a ales: hartie
Castigator: calculator

